React Compiler enabled
Starting Metro Bundler
Static rendering is enabled. Learn more: https://docs.expo.dev/router/reference/static-rendering/
node.exe : Error: Could not find MIME for Buffer <null>
At line:1 char:1
+ & "C:\Program Files\nodejs/node.exe" 
"C:\Users\sench\AppData\Roaming\ ...
+ ~~~~~~~~~~~~~~~~~~~~~~~~~~~~~~~~~~~~~~~~~~~~~~~~~~~~~~~~~~~~~
~~~~~~~~
    + CategoryInfo          : NotSpecified: (Error: Could n    
o...r Buffer <null>:String) [], RemoteException
    + FullyQualifiedErrorId : NativeCommandError
 
Error: Could not find MIME for Buffer <null>
    at Jimp.parseBitmap (C:\Users\sench\OneDrive\Desktop\source
\mobile\node_modules\jimp-compact\dist\jimp.js:1:125518)
    at Jimp.parseBitmap (C:\Users\sench\OneDrive\Desktop\source
\mobile\node_modules\jimp-compact\dist\jimp.js:1:8514)
    at C:\Users\sench\OneDrive\Desktop\source\mobile\node_modul
es\jimp-compact\dist\jimp.js:1:7613
    at FSReqCallback.readFileAfterClose [as oncomplete] 
(node:internal/fs/read/context:68:3)
